// Jest Snapshot v1, https://goo.gl/fbAQLP

exports[`error handling #404: not found 1`] = `"Unable to download the page. Error: EADDRNOTAVAIL: recieved status 404 - null: address not available"`;

exports[`error handling #443: no host 1`] = `"Unable to download the page. Error: ENOTFOUND: recieved status 443 connecting to unknown"`;

exports[`error handling #ENOENT 1`] = `"Unable to download the page. Error: ENOENT: no such file or directory, mkdir 'unknown/ru-hexlet-io-courses_files'"`;

exports[`error handling #unknown error 1`] = `"Unable to download the page. Unknown error, please, send us report"`;

exports[`load page and resources #getBody 1`] = `
"<!DOCTYPE html><html><head>
    <meta charset=\\"utf-8\\">
    <meta http-equiv=\\"X-UA-Compatible\\" content=\\"IE=edge\\">
    <title>Hexlet</title>
    <link href=\\"ru-hexlet-io-courses_files/assets-application.css\\" type=\\"text/css\\" rel=\\"stylesheet\\">
    <link href=\\"http://ru.hexlet.io/courses\\" rel=\\"canonical\\">
    <script src=\\"ru-hexlet-io-courses_files/assets-script.js\\"></script>
  </head>
  <body>
    <nav>
      <img src=\\"ru-hexlet-io-courses_files/assets-hexlet-logo-e99fc2b3b7c1eec88899f3af1435a39aaac6fd29d011dfe2342499c0884b7a96.png\\" alt=\\"hexlet-logo\\">
      <ul>
        <li><a href=\\"https://ru.hexlet.io/my\\">My Hexlet</a></li>
        <li><a href=\\"https://ru.hexlet.io/professions\\">professions</a></li>
        <li><a href=\\"https://ru.hexlet.io/courses\\">All courses</a></li>
        <li><a href=\\"https://ru.hexlet.io/blog\\">Blog</a></li>
        <li><a href=\\"https://ru.hexlet.io/knowledge\\">Database</a></li>
        <li><a href=\\"https://ru.hexlet.io/community\\">Community</a></li>
      </ul>
    </nav>
    <section>
      <ul>
        <li><a href=\\"#\\">Web-development</a></li>
        <li><a href=\\"#\\">Learning Russian</a></li>
        <li><a href=\\"#\\">Linux: users</a></li>
        <li><a href=\\"#\\">JS: Trees</a></li>
        <li><a href=\\"#\\">JS: Functions</a></li>
        <li><a href=\\"#\\">bash</a></li>
        <li><a href=\\"#\\">PHP: Functions</a></li>
        <li><a href=\\"#\\">SQL</a></li>
      </ul>
    </section>
    <footer>
      <p> Hexlet 2019</p>
    </footer>
  

</body></html>"
`;
